Archive member included because of file (symbol)

c:/winavr-20100110/bin/../lib/gcc/avr/4.3.3/avr5\libgcc.a(_exit.o)
                              c:/winavr-20100110/bin/../lib/gcc/avr/4.3.3/../../../../avr/lib/avr5/crtm162.o (exit)
c:/winavr-20100110/bin/../lib/gcc/avr/4.3.3/avr5\libgcc.a(_copy_data.o)
                              motor.o (__do_copy_data)
c:/winavr-20100110/bin/../lib/gcc/avr/4.3.3/avr5\libgcc.a(_clear_bss.o)
                              main.o (__do_clear_bss)

Allocating common symbols
Common symbol       size              file

hum_l               0x1               myDHT11.o
temperature         0x2               myDHT11.o
tem_h               0x1               myDHT11.o
humidity            0x2               myDHT11.o
T3                  0x2               mytem.o
CMD                 0x1               main.o
tem_l               0x1               myDHT11.o
frame               0x4               main.o

Memory Configuration

Name             Origin             Length             Attributes
text             0x00000000         0x00020000         xr
data             0x00800060         0x0000ffa0         rw !x
eeprom           0x00810000         0x00010000         rw !x
fuse             0x00820000         0x00000400         rw !x
lock             0x00830000         0x00000400         rw !x
signature        0x00840000         0x00000400         rw !x
*default*        0x00000000         0xffffffff

Linker script and memory map

Address of section .data set to 0x800100
LOAD c:/winavr-20100110/bin/../lib/gcc/avr/4.3.3/../../../../avr/lib/avr5/crtm162.o
LOAD main.o
LOAD bell.o
LOAD infra.o
LOAD interrupt.o
LOAD light.o
LOAD motor.o
LOAD mytem.o
LOAD vib.o
LOAD led.o
LOAD myDHT11.o
LOAD c:/winavr-20100110/bin/../lib/gcc/avr/4.3.3/avr5\libgcc.a
LOAD c:/winavr-20100110/bin/../lib/gcc/avr/4.3.3/../../../../avr/lib/avr5\libc.a
LOAD c:/winavr-20100110/bin/../lib/gcc/avr/4.3.3/avr5\libgcc.a

.hash
 *(.hash)

.dynsym
 *(.dynsym)

.dynstr
 *(.dynstr)

.gnu.version
 *(.gnu.version)

.gnu.version_d
 *(.gnu.version_d)

.gnu.version_r
 *(.gnu.version_r)

.rel.init
 *(.rel.init)

.rela.init
 *(.rela.init)

.rel.text
 *(.rel.text)
 *(.rel.text.*)
 *(.rel.gnu.linkonce.t*)

.rela.text
 *(.rela.text)
 *(.rela.text.*)
 *(.rela.gnu.linkonce.t*)

.rel.fini
 *(.rel.fini)

.rela.fini
 *(.rela.fini)

.rel.rodata
 *(.rel.rodata)
 *(.rel.rodata.*)
 *(.rel.gnu.linkonce.r*)

.rela.rodata
 *(.rela.rodata)
 *(.rela.rodata.*)
 *(.rela.gnu.linkonce.r*)

.rel.data
 *(.rel.data)
 *(.rel.data.*)
 *(.rel.gnu.linkonce.d*)

.rela.data
 *(.rela.data)
 *(.rela.data.*)
 *(.rela.gnu.linkonce.d*)

.rel.ctors
 *(.rel.ctors)

.rela.ctors
 *(.rela.ctors)

.rel.dtors
 *(.rel.dtors)

.rela.dtors
 *(.rela.dtors)

.rel.got
 *(.rel.got)

.rela.got
 *(.rela.got)

.rel.bss
 *(.rel.bss)

.rela.bss
 *(.rela.bss)

.rel.plt
 *(.rel.plt)

.rela.plt
 *(.rela.plt)

.text           0x00000000      0x5e0
 *(.vectors)
 .vectors       0x00000000       0x70 c:/winavr-20100110/bin/../lib/gcc/avr/4.3.3/../../../../avr/lib/avr5/crtm162.o
                0x00000000                __vectors
                0x00000000                __vector_default
 *(.vectors)
 *(.progmem.gcc*)
 *(.progmem*)
                0x00000070                . = ALIGN (0x2)
                0x00000070                __trampolines_start = .
 *(.trampolines)
 .trampolines   0x00000070        0x0 linker stubs
 *(.trampolines*)
                0x00000070                __trampolines_end = .
 *(.jumptables)
 *(.jumptables*)
 *(.lowtext)
 *(.lowtext*)
                0x00000070                __ctors_start = .
 *(.ctors)
                0x00000070                __ctors_end = .
                0x00000070                __dtors_start = .
 *(.dtors)
                0x00000070                __dtors_end = .
 SORT(*)(.ctors)
 SORT(*)(.dtors)
 *(.init0)
 .init0         0x00000070        0x0 c:/winavr-20100110/bin/../lib/gcc/avr/4.3.3/../../../../avr/lib/avr5/crtm162.o
                0x00000070                __init
 *(.init0)
 *(.init1)
 *(.init1)
 *(.init2)
 .init2         0x00000070        0xc c:/winavr-20100110/bin/../lib/gcc/avr/4.3.3/../../../../avr/lib/avr5/crtm162.o
 *(.init2)
 *(.init3)
 *(.init3)
 *(.init4)
 .init4         0x0000007c       0x16 c:/winavr-20100110/bin/../lib/gcc/avr/4.3.3/avr5\libgcc.a(_copy_data.o)
                0x0000007c                __do_copy_data
 .init4         0x00000092       0x10 c:/winavr-20100110/bin/../lib/gcc/avr/4.3.3/avr5\libgcc.a(_clear_bss.o)
                0x00000092                __do_clear_bss
 *(.init4)
 *(.init5)
 *(.init5)
 *(.init6)
 *(.init6)
 *(.init7)
 *(.init7)
 *(.init8)
 *(.init8)
 *(.init9)
 .init9         0x000000a2        0x8 c:/winavr-20100110/bin/../lib/gcc/avr/4.3.3/../../../../avr/lib/avr5/crtm162.o
 *(.init9)
 *(.text)
 .text          0x000000aa        0x4 c:/winavr-20100110/bin/../lib/gcc/avr/4.3.3/../../../../avr/lib/avr5/crtm162.o
                0x000000aa                __vector_22
                0x000000aa                __vector_1
                0x000000aa                __vector_24
                0x000000aa                __vector_12
                0x000000aa                __bad_interrupt
                0x000000aa                __vector_6
                0x000000aa                __vector_3
                0x000000aa                __vector_23
                0x000000aa                __vector_25
                0x000000aa                __vector_11
                0x000000aa                __vector_13
                0x000000aa                __vector_17
                0x000000aa                __vector_7
                0x000000aa                __vector_27
                0x000000aa                __vector_5
                0x000000aa                __vector_4
                0x000000aa                __vector_9
                0x000000aa                __vector_2
                0x000000aa                __vector_15
                0x000000aa                __vector_8
                0x000000aa                __vector_26
                0x000000aa                __vector_14
                0x000000aa                __vector_10
                0x000000aa                __vector_16
                0x000000aa                __vector_18
                0x000000aa                __vector_20
 .text          0x000000ae       0xe8 main.o
                0x000000ae                main
 .text          0x00000196       0x58 bell.o
                0x00000196                bell
 .text          0x000001ee       0x1c infra.o
                0x000001ee                get_inf
 .text          0x0000020a      0x130 interrupt.o
                0x000002dc                putch
                0x000002ba                getch
                0x0000022c                __vector_19
                0x0000032c                check
                0x00000300                putframe
                0x0000020a                usart_init
                0x00000270                __vector_21
 .text          0x0000033a       0x1a light.o
                0x0000033a                get_light
 .text          0x00000354       0x70 motor.o
                0x00000354                motor_shun
                0x0000038c                motor_ni
 .text          0x000003c4      0x10c mytem.o
                0x00000462                stop_lm75
                0x000003c6                init_lm75
                0x0000046e                ack_lm75
                0x000003c4                delayus
                0x00000446                getbyte_lm75
                0x000003ec                sendbyte_lm75
                0x00000486                temperature_lm75
 .text          0x000004d0       0x1c vib.o
                0x000004d0                get_vib
 .text          0x000004ec        0xc led.o
                0x000004ec                led_test
 .text          0x000004f8       0xe4 myDHT11.o
                0x000004f8                delay_us
                0x000004fa                delay_ms
                0x000004fc                get_DHT11_value
 .text          0x000005dc        0x0 c:/winavr-20100110/bin/../lib/gcc/avr/4.3.3/avr5\libgcc.a(_exit.o)
 .text          0x000005dc        0x0 c:/winavr-20100110/bin/../lib/gcc/avr/4.3.3/avr5\libgcc.a(_copy_data.o)
 .text          0x000005dc        0x0 c:/winavr-20100110/bin/../lib/gcc/avr/4.3.3/avr5\libgcc.a(_clear_bss.o)
                0x000005dc                . = ALIGN (0x2)
 *(.text.*)
 .text.libgcc   0x000005dc        0x0 c:/winavr-20100110/bin/../lib/gcc/avr/4.3.3/avr5\libgcc.a(_exit.o)
 .text.libgcc   0x000005dc        0x0 c:/winavr-20100110/bin/../lib/gcc/avr/4.3.3/avr5\libgcc.a(_copy_data.o)
 .text.libgcc   0x000005dc        0x0 c:/winavr-20100110/bin/../lib/gcc/avr/4.3.3/avr5\libgcc.a(_clear_bss.o)
                0x000005dc                . = ALIGN (0x2)
 *(.fini9)
 .fini9         0x000005dc        0x0 c:/winavr-20100110/bin/../lib/gcc/avr/4.3.3/avr5\libgcc.a(_exit.o)
                0x000005dc                exit
                0x000005dc                _exit
 *(.fini9)
 *(.fini8)
 *(.fini8)
 *(.fini7)
 *(.fini7)
 *(.fini6)
 *(.fini6)
 *(.fini5)
 *(.fini5)
 *(.fini4)
 *(.fini4)
 *(.fini3)
 *(.fini3)
 *(.fini2)
 *(.fini2)
 *(.fini1)
 *(.fini1)
 *(.fini0)
 .fini0         0x000005dc        0x4 c:/winavr-20100110/bin/../lib/gcc/avr/4.3.3/avr5\libgcc.a(_exit.o)
 *(.fini0)
                0x000005e0                _etext = .

.data           0x00800100        0x8 load address 0x000005e0
                0x00800100                PROVIDE (__data_start, .)
 *(.data)
 .data          0x00800100        0x0 c:/winavr-20100110/bin/../lib/gcc/avr/4.3.3/../../../../avr/lib/avr5/crtm162.o
 .data          0x00800100        0x0 main.o
 .data          0x00800100        0x0 bell.o
 .data          0x00800100        0x0 infra.o
 .data          0x00800100        0x0 interrupt.o
 .data          0x00800100        0x0 light.o
 .data          0x00800100        0x8 motor.o
                0x00800100                ni
                0x00800104                shun
 .data          0x00800108        0x0 mytem.o
 .data          0x00800108        0x0 vib.o
 .data          0x00800108        0x0 led.o
 .data          0x00800108        0x0 myDHT11.o
 .data          0x00800108        0x0 c:/winavr-20100110/bin/../lib/gcc/avr/4.3.3/avr5\libgcc.a(_exit.o)
 .data          0x00800108        0x0 c:/winavr-20100110/bin/../lib/gcc/avr/4.3.3/avr5\libgcc.a(_copy_data.o)
 .data          0x00800108        0x0 c:/winavr-20100110/bin/../lib/gcc/avr/4.3.3/avr5\libgcc.a(_clear_bss.o)
 *(.data*)
 *(.rodata)
 *(.rodata*)
 *(.gnu.linkonce.d*)
                0x00800108                . = ALIGN (0x2)
                0x00800108                _edata = .
                0x00800108                PROVIDE (__data_end, .)

.bss            0x00800108       0x34
                0x00800108                PROVIDE (__bss_start, .)
 *(.bss)
 .bss           0x00800108        0x0 c:/winavr-20100110/bin/../lib/gcc/avr/4.3.3/../../../../avr/lib/avr5/crtm162.o
 .bss           0x00800108        0x1 main.o
                0x00800108                led_count
 .bss           0x00800109        0x0 bell.o
 .bss           0x00800109        0x0 infra.o
 .bss           0x00800109       0x24 interrupt.o
 .bss           0x0080012d        0x0 light.o
 .bss           0x0080012d        0x0 motor.o
 .bss           0x0080012d        0x0 mytem.o
 .bss           0x0080012d        0x0 vib.o
 .bss           0x0080012d        0x0 led.o
 .bss           0x0080012d        0x1 myDHT11.o
                0x0080012d                hum_h
 .bss           0x0080012e        0x0 c:/winavr-20100110/bin/../lib/gcc/avr/4.3.3/avr5\libgcc.a(_exit.o)
 .bss           0x0080012e        0x0 c:/winavr-20100110/bin/../lib/gcc/avr/4.3.3/avr5\libgcc.a(_copy_data.o)
 .bss           0x0080012e        0x0 c:/winavr-20100110/bin/../lib/gcc/avr/4.3.3/avr5\libgcc.a(_clear_bss.o)
 *(.bss*)
 *(COMMON)
 COMMON         0x0080012e        0x5 main.o
                0x0080012e                CMD
                0x0080012f                frame
 COMMON         0x00800133        0x2 mytem.o
                0x00800133                T3
 COMMON         0x00800135        0x7 myDHT11.o
                0x00800135                hum_l
                0x00800136                temperature
                0x00800138                tem_h
                0x00800139                humidity
                0x0080013b                tem_l
                0x0080013c                PROVIDE (__bss_end, .)
                0x000005e0                __data_load_start = LOADADDR (.data)
                0x000005e8                __data_load_end = (__data_load_start + SIZEOF (.data))

.noinit         0x0080013c        0x0
                0x0080013c                PROVIDE (__noinit_start, .)
 *(.noinit*)
                0x0080013c                PROVIDE (__noinit_end, .)
                0x0080013c                _end = .
                0x0080013c                PROVIDE (__heap_start, .)

.eeprom         0x00810000        0x0
 *(.eeprom*)
                0x00810000                __eeprom_end = .

.fuse
 *(.fuse)
 *(.lfuse)
 *(.hfuse)
 *(.efuse)

.lock
 *(.lock*)

.signature
 *(.signature*)

.stab
 *(.stab)

.stabstr
 *(.stabstr)

.stab.excl
 *(.stab.excl)

.stab.exclstr
 *(.stab.exclstr)

.stab.index
 *(.stab.index)

.stab.indexstr
 *(.stab.indexstr)

.comment
 *(.comment)

.debug
 *(.debug)

.line
 *(.line)

.debug_srcinfo
 *(.debug_srcinfo)

.debug_sfnames
 *(.debug_sfnames)

.debug_aranges  0x00000000      0x140
 *(.debug_aranges)
 .debug_aranges
                0x00000000       0x20 main.o
 .debug_aranges
                0x00000020       0x20 bell.o
 .debug_aranges
                0x00000040       0x20 infra.o
 .debug_aranges
                0x00000060       0x20 interrupt.o
 .debug_aranges
                0x00000080       0x20 light.o
 .debug_aranges
                0x000000a0       0x20 motor.o
 .debug_aranges
                0x000000c0       0x20 mytem.o
 .debug_aranges
                0x000000e0       0x20 vib.o
 .debug_aranges
                0x00000100       0x20 led.o
 .debug_aranges
                0x00000120       0x20 myDHT11.o

.debug_pubnames
                0x00000000      0x286
 *(.debug_pubnames)
 .debug_pubnames
                0x00000000       0x3b main.o
 .debug_pubnames
                0x0000003b       0x1b bell.o
 .debug_pubnames
                0x00000056       0x1e infra.o
 .debug_pubnames
                0x00000074       0x6c interrupt.o
 .debug_pubnames
                0x000000e0       0x20 light.o
 .debug_pubnames
                0x00000100       0x3e motor.o
 .debug_pubnames
                0x0000013e       0x86 mytem.o
 .debug_pubnames
                0x000001c4       0x1e vib.o
 .debug_pubnames
                0x000001e2       0x1f led.o
 .debug_pubnames
                0x00000201       0x85 myDHT11.o

.debug_info     0x00000000     0x1248
 *(.debug_info)
 .debug_info    0x00000000       0xf8 main.o
 .debug_info    0x000000f8      0x1c8 bell.o
 .debug_info    0x000002c0      0x106 infra.o
 .debug_info    0x000003c6      0x24c interrupt.o
 .debug_info    0x00000612      0x111 light.o
 .debug_info    0x00000723      0x1c9 motor.o
 .debug_info    0x000008ec      0x453 mytem.o
 .debug_info    0x00000d3f      0x111 vib.o
 .debug_info    0x00000e50       0x8d led.o
 .debug_info    0x00000edd      0x36b myDHT11.o
 *(.gnu.linkonce.wi.*)

.debug_abbrev   0x00000000      0x8c9
 *(.debug_abbrev)
 .debug_abbrev  0x00000000       0xb2 main.o
 .debug_abbrev  0x000000b2      0x106 bell.o
 .debug_abbrev  0x000001b8       0x9f infra.o
 .debug_abbrev  0x00000257       0xd9 interrupt.o
 .debug_abbrev  0x00000330       0x9f light.o
 .debug_abbrev  0x000003cf       0xf6 motor.o
 .debug_abbrev  0x000004c5      0x1b9 mytem.o
 .debug_abbrev  0x0000067e       0x9f vib.o
 .debug_abbrev  0x0000071d       0x5b led.o
 .debug_abbrev  0x00000778      0x151 myDHT11.o

.debug_line     0x00000000     0x10c9
 *(.debug_line)
 .debug_line    0x00000000      0x1ac main.o
 .debug_line    0x000001ac      0x1ba bell.o
 .debug_line    0x00000366      0x10c infra.o
 .debug_line    0x00000472      0x1bc interrupt.o
 .debug_line    0x0000062e      0x118 light.o
 .debug_line    0x00000746      0x1b3 motor.o
 .debug_line    0x000008f9      0x3b7 mytem.o
 .debug_line    0x00000cb0      0x116 vib.o
 .debug_line    0x00000dc6       0x76 led.o
 .debug_line    0x00000e3c      0x28d myDHT11.o

.debug_frame    0x00000000      0x230
 *(.debug_frame)
 .debug_frame   0x00000000       0x20 main.o
 .debug_frame   0x00000020       0x20 bell.o
 .debug_frame   0x00000040       0x20 infra.o
 .debug_frame   0x00000060       0x80 interrupt.o
 .debug_frame   0x000000e0       0x20 light.o
 .debug_frame   0x00000100       0x30 motor.o
 .debug_frame   0x00000130       0x80 mytem.o
 .debug_frame   0x000001b0       0x20 vib.o
 .debug_frame   0x000001d0       0x20 led.o
 .debug_frame   0x000001f0       0x40 myDHT11.o

.debug_str      0x00000000      0x2f5
 *(.debug_str)
 .debug_str     0x00000000       0xb5 main.o
                                 0xef (size before relaxing)
 .debug_str     0x000000b5       0x57 bell.o
                                0x110 (size before relaxing)
 .debug_str     0x0000010c       0x13 infra.o
                                0x10f (size before relaxing)
 .debug_str     0x0000011f       0xa8 interrupt.o
                                0x172 (size before relaxing)
 .debug_str     0x000001c7       0x15 light.o
                                0x117 (size before relaxing)
 .debug_str     0x000001dc       0x1f motor.o
                                0x126 (size before relaxing)
 .debug_str     0x000001fb       0x81 mytem.o
                                0x188 (size before relaxing)
 .debug_str     0x0000027c       0x11 vib.o
                                0x113 (size before relaxing)
 .debug_str     0x0000028d       0x12 led.o
                                 0xdb (size before relaxing)
 .debug_str     0x0000029f       0x56 myDHT11.o
                                0x195 (size before relaxing)

.debug_loc      0x00000000      0x51c
 *(.debug_loc)
 .debug_loc     0x00000000       0xd0 bell.o
 .debug_loc     0x000000d0       0x18 infra.o
 .debug_loc     0x000000e8       0xba interrupt.o
 .debug_loc     0x000001a2       0x18 light.o
 .debug_loc     0x000001ba      0x178 motor.o
 .debug_loc     0x00000332       0xb9 mytem.o
 .debug_loc     0x000003eb       0x18 vib.o
 .debug_loc     0x00000403       0x13 led.o
 .debug_loc     0x00000416      0x106 myDHT11.o

.debug_macinfo
 *(.debug_macinfo)
OUTPUT(MyHome2.elf elf32-avr)
LOAD linker stubs

.debug_ranges   0x00000000      0x210
 .debug_ranges  0x00000000       0x18 main.o
 .debug_ranges  0x00000018       0x48 bell.o
 .debug_ranges  0x00000060       0x90 motor.o
 .debug_ranges  0x000000f0       0x48 mytem.o
 .debug_ranges  0x00000138       0xd8 myDHT11.o
